// Jest Snapshot v1, https://goo.gl/fbAQLP

exports[`FavoriteContainer should match the snapshot 1`] = `ShallowWrapper {}`;
