// Jest Snapshot v1, https://goo.gl/fbAQLP

exports[`SearchHighlightContainer should match the snapshot 1`] = `undefined`;
