// Jest Snapshot v1, https://goo.gl/fbAQLP

exports[`UserContainer should match the App snapshot 1`] = `
<Fragment>
  <h1>
    Welcome 
  </h1>
  <button
    onClick={[Function]}
  >
    Log Out
  </button>
</Fragment>
`;
