// Jest Snapshot v1, https://goo.gl/fbAQLP

exports[`SearchForm should match the App snapshot 1`] = `
<header>
  <div
    className="searchContainer"
  >
    <input
      className="search-input"
      name="title"
      onChange={[Function]}
      placeholder="Search For Highlights"
      type="text"
      value=""
    />
    <button
      className="searchButton"
      onClick={[Function]}
    >
      Search
    </button>
  </div>
</header>
`;
