// Jest Snapshot v1, https://goo.gl/fbAQLP

exports[`HighlightCard should match the App snapshot 1`] = `ShallowWrapper {}`;
